Task 1
Task 2
Task 1
Task 2
Task 1
Task 2
Task 1
ESP-ROM:esp32s3-20210327
Build:Mar 27 2021
rst:0x1 (POWERON),boot:0x8 (SPI_FAST_FLASH_BOOT)
SPIWP:0xee
mode:DIO, clock div:1
load:0x3fce2810,len:0x178c
load:0x403c8700,len:0x4
load:0x403c8704,len:0xcb8
load:0x403cb700,len:0x2d9c
entry 0x403c8914
[0;32mI (27) boot: ESP-IDF v5.3-dev-3225-g5a40bb8746-dirty 2nd stage bootloader[0m
[0;32mI (27) boot: compile time May 25 2024 15:15:09[0m
[0;32mI (28) boot: Multicore bootloader[0m
[0;32mI (32) boot: chip revision: v0.1[0m
[0;32mI (36) boot.esp32s3: Boot SPI Speed : 80MHz[0m
[0;32mI (41) boot.esp32s3: SPI Mode       : DIO[0m
[0;32mI (45) boot.esp32s3: SPI Flash Size : 2MB[0m
[0;32mI (50) boot: Enabling RNG early entropy source...[0m
[0;32mI (56) boot: Partition Table:[0m
[0;32mI (59) boot: ## Label            Usage          Type ST Offset   Length[0m
[0;32mI (66) boot:  0 nvs              WiFi data        01 02 00009000 00006000[0m
[0;32mI (74) boot:  1 phy_init         RF data          01 01 0000f000 00001000[0m
[0;32mI (81) boot:  2 factory          factory app      00 00 00010000 00100000[0m
[0;32mI (89) boot: End of partition table[0m
[0;32mI (93) esp_image: segment 0: paddr=00010020 vaddr=3c0a0020 size=27f44h (163652) map[0m
[0;32mI (131) esp_image: segment 1: paddr=00037f6c vaddr=3fc98c00 size=047d0h ( 18384) load[0m
[0;32mI (135) esp_image: segment 2: paddr=0003c744 vaddr=40374000 size=038d4h ( 14548) load[0m
[0;32mI (140) esp_image: segment 3: paddr=00040020 vaddr=42000020 size=9a5f0h (632304) map[0m
[0;32mI (258) esp_image: segment 4: paddr=000da618 vaddr=403778d4 size=11220h ( 70176) load[0m
[0;32mI (283) boot: Loaded app from partition at offset 0x10000[0m
[0;32mI (283) boot: Disabling RNG early entropy source...[0m
[0;32mI (294) cpu_start: Multicore app[0m
[0;32mI (304) cpu_start: Pro cpu start user code[0m
[0;32mI (304) cpu_start: cpu freq: 160000000 Hz[0m
[0;32mI (304) app_init: Application information:[0m
[0;32mI (307) app_init: Project name:     Getway_v1[0m
[0;32mI (312) app_init: App version:      1[0m
[0;32mI (316) app_init: Compile time:     May 25 2024 15:14:48[0m
[0;32mI (322) app_init: ELF file SHA256:  a0132659d...[0m
[0;32mI (327) app_init: ESP-IDF:          v5.3-dev-3225-g5a40bb8746-dirty[0m
[0;32mI (334) efuse_init: Min chip rev:     v0.0[0m
[0;32mI (339) efuse_init: Max chip rev:     v0.99 [0m
[0;32mI (344) efuse_init: Chip rev:         v0.1[0m
[0;32mI (349) heap_init: Initializing. RAM available for dynamic allocation:[0m
[0;32mI (356) heap_init: At 3FCA1480 len 00048290 (288 KiB): RAM[0m
[0;32mI (362) heap_init: At 3FCE9710 len 00005724 (21 KiB): RAM[0m
[0;32mI (368) heap_init: At 3FCF0000 len 00008000 (32 KiB): DRAM[0m
[0;32mI (375) heap_init: At 600FE100 len 00001EE8 (7 KiB): RTCRAM[0m
[0;32mI (382) spi_flash: detected chip: gd[0m
[0;32mI (385) spi_flash: flash io: dio[0m
[0;33mW (389) spi_flash: Detected size(16384k) larger than the size in the binary image header(2048k). Using the size in the binary image header.[0m
[0;32mI (403) sleep: Configure to isolate all GPIO pins in sleep state[0m
[0;32mI (409) sleep: Enable automatic switching of GPIO sleep configuration[0m
[0;32mI (416) main_task: Started on CPU0[0m
[0;32mI (436) main_task: Calling app_main()[0m
[0;32mI (456) pp: pp rom version: e7ae62f[0m
[0;32mI (456) net80211: net80211 rom version: e7ae62f[0m
I (466) wifi:wifi driver task: 3fcab8d0, prio:23, stack:6656, core=0
I (476) wifi:wifi firmware version: a209922
I (476) wifi:wifi certification version: v7.0
I (476) wifi:config NVS flash: enabled
I (476) wifi:config nano formating: disabled
I (476) wifi:Init data frame dynamic rx buffer num: 32
I (486) wifi:Init static rx mgmt buffer num: 5
I (486) wifi:Init management short buffer num: 32
I (486) wifi:Init dynamic tx buffer num: 32
I (496) wifi:Init static tx FG buffer num: 2
I (496) wifi:Init static rx buffer size: 1600
I (506) wifi:Init static rx buffer num: 10
I (506) wifi:Init dynamic rx buffer num: 32
[0;32mI (506) wifi_init: rx ba win: 6[0m
[0;32mI (516) wifi_init: accept mbox: 6[0m
[0;32mI (516) wifi_init: tcpip mbox: 32[0m
[0;32mI (526) wifi_init: udp mbox: 6[0m
[0;32mI (526) wifi_init: tcp mbox: 6[0m
[0;32mI (526) wifi_init: tcp tx win: 5760[0m
[0;32mI (536) wifi_init: tcp rx win: 5760[0m
[0;32mI (536) wifi_init: tcp mss: 1440[0m
[0;32mI (546) wifi_init: WiFi IRAM OP enabled[0m
[0;32mI (546) wifi_init: WiFi RX IRAM OP enabled[0m
[0;32mI (556) phy_init: phy_version 640,cd64a1a,Jan 24 2024,17:28:12[0m
I (606) wifi:mode : sta (34:85:18:6c:0d:54)
I (606) wifi:enable tsf
[0;32mI (606) MQTT: Trying to connect with Wi-Fi
[0m
Task 1
[0;32mI (606) main_task: Returned from app_main()[0m
I (616) wifi:new:<6,0>, old:<1,0>, ap:<255,255>, sta:<6,0>, prof:1
I (616) wifi:state: init -> auth (b0)
Task 1
I (1616) wifi:state: auth -> init (200)
I (1616) wifi:new:<6,0>, old:<6,0>, ap:<255,255>, sta:<6,0>, prof:1
[0;32mI (1626) MQTT: disconnected: Retrying Wi-Fi
[0m
Task 1
Task 1
[0;32mI (4036) MQTT: disconnected: Retrying Wi-Fi
[0m
I (4036) wifi:new:<6,0>, old:<6,0>, ap:<255,255>, sta:<6,0>, prof:1
I (4036) wifi:state: init -> auth (b0)
I (4046) wifi:state: auth -> init (1c0)
I (4046) wifi:new:<6,0>, old:<6,0>, ap:<255,255>, sta:<6,0>, prof:1
[0;32mI (4046) MQTT: disconnected: Retrying Wi-Fi
[0m
Task 1
Task 1
[0;31mE (5616) task_wdt: Task watchdog got triggered. The following tasks/users did not reset the watchdog in time:[0m
[0;31mE (5616) task_wdt:  - IDLE1 (CPU 1)[0m
[0;31mE (5616) task_wdt: Tasks currently running:[0m
[0;31mE (5616) task_wdt: CPU 0: IDLE0[0m
[0;31mE (5616) task_wdt: CPU 1: Task 2[0m
[0;31mE (5616) task_wdt: Print CPU 1 backtrace[0m


Backtrace: 0x40378B7E:0x3FC9B450 0x403775B1:0x3FC9B470 0x4200AD24:0x3FCB3C50 0x4037CE51:0x3FCB3C70

[0;32mI (6466) MQTT: disconnected: Retrying Wi-Fi
[0m
I (6466) wifi:new:<6,0>, old:<6,0>, ap:<255,255>, sta:<6,0>, prof:1
I (6466) wifi:state: init -> auth (b0)
I (6476) wifi:state: auth -> assoc (0)
I (6486) wifi:state: assoc -> run (10)
I (6506) wifi:connected with Redmi 8, aid = 18, channel 6, BW20, bssid = 12:c7:9e:7b:63:f0
I (6506) wifi:security: WPA2-PSK, phy: bgn, rssi: -35
I (6506) wifi:pm start, type: 1

I (6506) wifi:dp: 1, bi: 102400, li: 3, scale listen interval from 307200 us to 307200 us
I (6516) wifi:set rx beacon pti, rx_bcn_pti: 0, bcn_timeout: 25000, mt_pti: 0, mt_time: 10000
[0;32mI (6526) MQTT: Wi-Fi connected
[0m
I (6596) wifi:dp: 2, bi: 102400, li: 4, scale listen interval from 307200 us to 409600 us
I (6596) wifi:AP's beacon interval = 102400 us, DTIM period = 2
Task 1
[0;32mI (7536) MQTT: got ip: starting MQTT Client
[0m
[0;32mI (7536) MQTT: STARTING MQTT[0m
[0;32mI (7536) esp_netif_handlers: sta ip: 192.168.61.158, mask: 255.255.255.0, gw: 192.168.61.104[0m
[0;32mI (7536) MQTT: Other event id:7[0m
I (7566) wifi:<ba-add>idx:0 (ifx:0, 12:c7:9e:7b:63:f0), tid:0, ssn:3, winSize:64
Task 1
[0;32mI (7616) MQTT: MQTT_EVENT_CONNECTED[0m
Task 2
Task 1
Task 2
Task 1
Task 2
Task 1
Task 2
Task 1
Task 2
Task 1
Task 2
Task 1
Task 2
Task 1
Task 2
Task 1
Task 2
Task 1
Task 2
Task 1
Task 2
Task 1
Task 2
Task 1
Task 2
Task 1
Task 2
Task 1
Task 2
Task 1
Task 2
Task 1
Task 2
Task 1
Task 2
Task 1
Task 2
Task 1
Task 2
Task 1
Task 2
Task 1
Task 2
Task 1
Task 2
Task 1
Task 2
Task 1
Task 2
Task 1
Task 2
Task 1
Task 2
Task 1
Task 2
Task 1
Task 2
Task 1
Task 2
Task 1
Task 2
Task 1
Task 2
Task 1
Task 2
Task 1
Task 2
